\BOOKMARK [1][-]{section.1}{\376\377\000A\000r\000c\000h\000i\000t\000e\000c\000t\000u\000r\000e\000\040\000I\000n\000d\000e\000p\000e\000n\000d\000e\000n\000c\000e\000\040\000D\000e\000c\000l\000a\000r\000a\000t\000i\000o\000n}{}% 1
\BOOKMARK [1][-]{section.2}{\376\377\000C\000o\000m\000p\000o\000s\000i\000t\000e\000\040\000S\000c\000o\000r\000i\000n\000g\000\040\000F\000o\000r\000m\000u\000l\000a}{}% 2
\BOOKMARK [2][-]{subsection.2.1}{\376\377\000A\000p\000t\000i\000t\000u\000d\000e\000\040\000S\000c\000o\000r\000e\000\040\000\050\000A\000\051}{section.2}% 3
\BOOKMARK [2][-]{subsection.2.2}{\376\377\000M\000i\000n\000-\000M\000a\000x\000\040\000N\000o\000r\000m\000a\000l\000i\000z\000a\000t\000i\000o\000n}{section.2}% 4
\BOOKMARK [2][-]{subsection.2.3}{\376\377\000C\000l\000a\000s\000s\000i\000f\000i\000c\000a\000t\000i\000o\000n\000\040\000T\000i\000e\000r\000s}{section.2}% 5
\BOOKMARK [1][-]{section.3}{\376\377\000D\000i\000m\000e\000n\000s\000i\000o\000n\000\040\0001\000:\000\040\000F\000i\000d\000e\000l\000i\000t\000y\000\040}{}% 6
\BOOKMARK [2][-]{subsection.3.1}{\376\377\000D\000i\000m\000e\000n\000s\000i\000o\000n\000a\000l\000\040\000F\000o\000r\000m\000u\000l\000a}{section.3}% 7
\BOOKMARK [2][-]{subsection.3.2}{\376\377\000S\000u\000b\000-\000M\000e\000t\000r\000i\000c\000\040\000S\000p\000e\000c\000i\000f\000i\000c\000a\000t\000i\000o\000n}{section.3}% 8
\BOOKMARK [2][-]{subsection.3.3}{\376\377\000A\000g\000e\000n\000t\000\040\000S\000p\000e\000c\000i\000f\000i\000c\000a\000t\000i\000o\000n\000s}{section.3}% 9
\BOOKMARK [2][-]{subsection.3.4}{\376\377\000D\000i\000m\000e\000n\000s\000i\000o\000n\000a\000l\000\040\000I\000n\000v\000a\000r\000i\000a\000n\000t\000s}{section.3}% 10
\BOOKMARK [1][-]{section.4}{\376\377\000D\000i\000m\000e\000n\000s\000i\000o\000n\000\040\0002\000:\000\040\000C\000o\000n\000s\000i\000s\000t\000e\000n\000c\000y\000\040}{}% 11
\BOOKMARK [2][-]{subsection.4.1}{\376\377\000D\000i\000m\000e\000n\000s\000i\000o\000n\000a\000l\000\040\000F\000o\000r\000m\000u\000l\000a}{section.4}% 12
\BOOKMARK [2][-]{subsection.4.2}{\376\377\000S\000u\000b\000-\000M\000e\000t\000r\000i\000c\000\040\000S\000p\000e\000c\000i\000f\000i\000c\000a\000t\000i\000o\000n}{section.4}% 13
\BOOKMARK [2][-]{subsection.4.3}{\376\377\000A\000g\000e\000n\000t\000\040\000S\000p\000e\000c\000i\000f\000i\000c\000a\000t\000i\000o\000n\000s}{section.4}% 14
\BOOKMARK [2][-]{subsection.4.4}{\376\377\000D\000i\000m\000e\000n\000s\000i\000o\000n\000a\000l\000\040\000I\000n\000v\000a\000r\000i\000a\000n\000t\000s}{section.4}% 15
\BOOKMARK [1][-]{section.5}{\376\377\000D\000i\000m\000e\000n\000s\000i\000o\000n\000\040\0003\000:\000\040\000T\000r\000a\000n\000s\000p\000a\000r\000e\000n\000c\000y\000\040}{}% 16
\BOOKMARK [2][-]{subsection.5.1}{\376\377\000D\000i\000m\000e\000n\000s\000i\000o\000n\000a\000l\000\040\000F\000o\000r\000m\000u\000l\000a}{section.5}% 17
\BOOKMARK [2][-]{subsection.5.2}{\376\377\000S\000u\000b\000-\000M\000e\000t\000r\000i\000c\000\040\000S\000p\000e\000c\000i\000f\000i\000c\000a\000t\000i\000o\000n}{section.5}% 18
\BOOKMARK [2][-]{subsection.5.3}{\376\377\000A\000g\000e\000n\000t\000\040\000S\000p\000e\000c\000i\000f\000i\000c\000a\000t\000i\000o\000n\000s}{section.5}% 19
\BOOKMARK [2][-]{subsection.5.4}{\376\377\000D\000i\000m\000e\000n\000s\000i\000o\000n\000a\000l\000\040\000I\000n\000v\000a\000r\000i\000a\000n\000t\000s}{section.5}% 20
\BOOKMARK [1][-]{section.6}{\376\377\000D\000i\000m\000e\000n\000s\000i\000o\000n\000\040\0004\000:\000\040\000E\000f\000f\000i\000c\000i\000e\000n\000c\000y\000\040}{}% 21
\BOOKMARK [2][-]{subsection.6.1}{\376\377\000D\000i\000m\000e\000n\000s\000i\000o\000n\000a\000l\000\040\000F\000o\000r\000m\000u\000l\000a}{section.6}% 22
\BOOKMARK [2][-]{subsection.6.2}{\376\377\000S\000u\000b\000-\000M\000e\000t\000r\000i\000c\000\040\000S\000p\000e\000c\000i\000f\000i\000c\000a\000t\000i\000o\000n}{section.6}% 23
\BOOKMARK [2][-]{subsection.6.3}{\376\377\000A\000g\000e\000n\000t\000\040\000S\000p\000e\000c\000i\000f\000i\000c\000a\000t\000i\000o\000n\000s}{section.6}% 24
\BOOKMARK [2][-]{subsection.6.4}{\376\377\000D\000i\000m\000e\000n\000s\000i\000o\000n\000a\000l\000\040\000I\000n\000v\000a\000r\000i\000a\000n\000t\000s}{section.6}% 25
\BOOKMARK [1][-]{section.7}{\376\377\000D\000i\000m\000e\000n\000s\000i\000o\000n\000\040\0005\000:\000\040\000E\000q\000u\000i\000t\000y\000\040}{}% 26
\BOOKMARK [2][-]{subsection.7.1}{\376\377\000D\000i\000m\000e\000n\000s\000i\000o\000n\000a\000l\000\040\000F\000o\000r\000m\000u\000l\000a}{section.7}% 27
\BOOKMARK [2][-]{subsection.7.2}{\376\377\000S\000u\000b\000-\000M\000e\000t\000r\000i\000c\000\040\000S\000p\000e\000c\000i\000f\000i\000c\000a\000t\000i\000o\000n}{section.7}% 28
\BOOKMARK [2][-]{subsection.7.3}{\376\377\000A\000g\000e\000n\000t\000\040\000S\000p\000e\000c\000i\000f\000i\000c\000a\000t\000i\000o\000n\000s}{section.7}% 29
\BOOKMARK [2][-]{subsection.7.4}{\376\377\000D\000i\000m\000e\000n\000s\000i\000o\000n\000a\000l\000\040\000I\000n\000v\000a\000r\000i\000a\000n\000t\000s}{section.7}% 30
\BOOKMARK [1][-]{section.8}{\376\377\000D\000i\000m\000e\000n\000s\000i\000o\000n\000\040\0006\000:\000\040\000A\000c\000c\000o\000u\000n\000t\000a\000b\000i\000l\000i\000t\000y\000\040}{}% 31
\BOOKMARK [2][-]{subsection.8.1}{\376\377\000D\000i\000m\000e\000n\000s\000i\000o\000n\000a\000l\000\040\000F\000o\000r\000m\000u\000l\000a}{section.8}% 32
\BOOKMARK [2][-]{subsection.8.2}{\376\377\000S\000u\000b\000-\000M\000e\000t\000r\000i\000c\000\040\000S\000p\000e\000c\000i\000f\000i\000c\000a\000t\000i\000o\000n}{section.8}% 33
\BOOKMARK [2][-]{subsection.8.3}{\376\377\000A\000g\000e\000n\000t\000\040\000S\000p\000e\000c\000i\000f\000i\000c\000a\000t\000i\000o\000n\000s}{section.8}% 34
\BOOKMARK [2][-]{subsection.8.4}{\376\377\000D\000i\000m\000e\000n\000s\000i\000o\000n\000a\000l\000\040\000I\000n\000v\000a\000r\000i\000a\000n\000t\000s}{section.8}% 35
\BOOKMARK [1][-]{section.9}{\376\377\000C\000r\000e\000d\000i\000t\000\040\000R\000e\000p\000o\000r\000t\000i\000n\000g\000\040\000A\000g\000e\000n\000c\000y\000\040\000\050\000C\000R\000A\000\051\000\040\000I\000n\000s\000t\000i\000t\000u\000t\000i\000o\000n\000a\000l\000\040\000M\000a\000p\000p\000i\000n\000g}{}% 36
\BOOKMARK [2][-]{subsection.9.1}{\376\377\000C\000R\000A\000\040\000C\000l\000a\000s\000s\000\040\000D\000e\000f\000i\000n\000i\000t\000i\000o\000n}{section.9}% 37
\BOOKMARK [2][-]{subsection.9.2}{\376\377\000C\000R\000A\000-\000S\000p\000e\000c\000i\000f\000i\000c\000\040\000D\000a\000t\000a\000\040\000R\000e\000q\000u\000i\000r\000e\000m\000e\000n\000t\000s\000\040\040\024\000\040\000C\000o\000m\000p\000l\000e\000t\000e\000\040\000I\000n\000v\000e\000n\000t\000o\000r\000y}{section.9}% 38
\BOOKMARK [3][-]{subsubsection.9.2.1}{\376\377\000A\000.\000\040\000R\000e\000g\000u\000l\000a\000t\000o\000r\000y\000\040\000a\000n\000d\000\040\000L\000e\000g\000a\000l\000\040\000D\000a\000t\000a}{subsection.9.2}% 39
\BOOKMARK [3][-]{subsubsection.9.2.2}{\376\377\000B\000.\000\040\000C\000o\000n\000s\000u\000m\000e\000r\000\040\000C\000o\000m\000p\000l\000a\000i\000n\000t\000\040\000D\000a\000t\000a}{subsection.9.2}% 40
\BOOKMARK [3][-]{subsubsection.9.2.3}{\376\377\000C\000.\000\040\000F\000C\000R\000A\000\040\000C\000o\000m\000p\000l\000i\000a\000n\000c\000e\000\040\000D\000a\000t\000a\000\040\000\050\000A\000c\000c\000u\000r\000a\000c\000y\000\040\000a\000n\000d\000\040\000D\000i\000s\000p\000u\000t\000e\000\051}{subsection.9.2}% 41
\BOOKMARK [3][-]{subsubsection.9.2.4}{\376\377\000D\000.\000\040\000F\000i\000n\000a\000n\000c\000i\000a\000l\000\040\000a\000n\000d\000\040\000O\000p\000e\000r\000a\000t\000i\000o\000n\000a\000l\000\040\000D\000a\000t\000a}{subsection.9.2}% 42
\BOOKMARK [3][-]{subsubsection.9.2.5}{\376\377\000E\000.\000\040\000E\000q\000u\000i\000t\000y\000\040\000a\000n\000d\000\040\000D\000e\000m\000o\000g\000r\000a\000p\000h\000i\000c\000\040\000D\000a\000t\000a}{subsection.9.2}% 43
\BOOKMARK [3][-]{subsubsection.9.2.6}{\376\377\000F\000.\000\040\000T\000r\000a\000n\000s\000p\000a\000r\000e\000n\000c\000y\000\040\000a\000n\000d\000\040\000P\000u\000b\000l\000i\000c\000\040\000R\000e\000c\000o\000r\000d\000\040\000D\000a\000t\000a}{subsection.9.2}% 44
\BOOKMARK [3][-]{subsubsection.9.2.7}{\376\377\000G\000.\000\040\000A\000c\000c\000o\000u\000n\000t\000a\000b\000i\000l\000i\000t\000y\000\040\000a\000n\000d\000\040\000A\000u\000d\000i\000t\000\040\000D\000a\000t\000a}{subsection.9.2}% 45
\BOOKMARK [1][-]{section.10}{\376\377\000C\000R\000A\000-\000S\000p\000e\000c\000i\000f\000i\000c\000\040\000N\000o\000r\000m\000a\000l\000i\000z\000a\000t\000i\000o\000n\000\040\000B\000o\000u\000n\000d\000s}{}% 46
\BOOKMARK [1][-]{section.11}{\376\377\000D\000a\000t\000a\000\040\000S\000o\000u\000r\000c\000e\000\040\000C\000r\000e\000d\000i\000b\000i\000l\000i\000t\000y\000\040\000H\000i\000e\000r\000a\000r\000c\000h\000y}{}% 47
\BOOKMARK [1][-]{section.12}{\376\377\000I\000m\000p\000l\000e\000m\000e\000n\000t\000a\000t\000i\000o\000n\000\040\000B\000u\000i\000l\000d\000\040\000O\000r\000d\000e\000r\000\040\040\024\000\040\000B\000e\000a\000c\000o\000n\000\040\000P\000i\000p\000e\000l\000i\000n\000e}{}% 48
